#-----------------------------------------------------------
# Vivado v2014.4 (64-bit)
# SW Build 1071353 on Tue Nov 18 16:47:07 MST 2014
# IP Build 1070531 on Tue Nov 18 01:10:18 MST 2014
# Start of session at: Wed Nov 11 17:06:17 2015
# Process ID: 21028
# Log file: /home/bryan/Development/coapious/include/vivado.log
# Journal file: /home/bryan/Development/coapious/include/vivado.jou
#-----------------------------------------------------------
start_gui
create_project uart_test /home/bryan/Documents/Classes/Reconfigurable/uart_test/uart_test -part xc7a15tcpg236-3
set_property target_language VHDL [current_project]
set_property simulator_language VHDL [current_project]
import_files -norecurse {/home/bryan/Documents/Classes/Reconfigurable/uart_test/rx_datapath.vhd /home/bryan/Documents/Classes/Reconfigurable/uart_test/tx_datapath.vhd /home/bryan/Documents/Classes/Reconfigurable/uart_test/uart_tx.vhd /home/bryan/Documents/Classes/Reconfigurable/uart_test/loopback.vhd /home/bryan/Documents/Classes/Reconfigurable/uart_test/rx_control.vhd /home/bryan/Documents/Classes/Reconfigurable/uart_test/uart.vhd /home/bryan/Documents/Classes/Reconfigurable/uart_test/usart_rx.vhd /home/bryan/Documents/Classes/Reconfigurable/uart_test/tx_control.vhd /home/bryan/Documents/Classes/Reconfigurable/uart_test/top_level.vhd /home/bryan/Documents/Classes/Reconfigurable/uart_test/strober.vhd}
update_compile_order -fileset sources_1
update_compile_order -fileset sources_1
update_compile_order -fileset sim_1
set_property SOURCE_SET sources_1 [get_filesets sim_1]
import_files -fileset sim_1 -norecurse {/home/bryan/Documents/Classes/Reconfigurable/uart_test/tx_tb.vhd /home/bryan/Documents/Classes/Reconfigurable/uart_test/loop_tb.vhd}
update_compile_order -fileset sim_1
update_compile_order -fileset sim_1
update_compile_order -fileset sim_1
# Disabling source management mode.  This is to allow the top design properties to be set without GUI intervention.
set_property source_mgmt_mode None [current_project]
set_property top tx_tb [get_filesets sim_1]
set_property top_lib xil_defaultlib [get_filesets sim_1]
# Re-enabling previously disabled source management mode.
set_property source_mgmt_mode All [current_project]
update_compile_order -fileset sim_1
launch_simulation
synth_design -rtl -name rtl_1
launch_simulation
launch_simulation
source tx_tb.tcl
restart
run 1 ms
restart
run 220 us
add_wave {{/tx_tb/uut/TX_UNIT/CU/curr_state}} 
restart
run 220 us
# Disabling source management mode.  This is to allow the top design properties to be set without GUI intervention.
set_property source_mgmt_mode None [current_project]
set_property top loop_tb [get_filesets sim_1]
set_property top_lib xil_defaultlib [get_filesets sim_1]
# Re-enabling previously disabled source management mode.
set_property source_mgmt_mode All [current_project]
update_compile_order -fileset sim_1
launch_simulation
source loop_tb.tcl
restart
run 1 ms
restart
run 1 ms
launch_simulation
source loop_tb.tcl
restart
run 1 ms
restart
run 1 ms
save_wave_config {/home/bryan/Documents/Classes/Reconfigurable/uart_test/uart_test/loop_tb_behav.wcfg}
launch_simulation
open_wave_config /home/bryan/Documents/Classes/Reconfigurable/uart_test/uart_test/loop_tb_behav.wcfg
source loop_tb.tcl
restart
run 1 ms
save_wave_config {/home/bryan/Documents/Classes/Reconfigurable/uart_test/uart_test/loop_tb_behav.wcfg}
launch_simulation
refresh_design
refresh_design
add_files -fileset sim_1 -norecurse /home/bryan/Documents/Classes/Reconfigurable/uart_test/uart_test/loop_tb_behav.wcfg
set_property xsim.view /home/bryan/Documents/Classes/Reconfigurable/uart_test/uart_test/loop_tb_behav.wcfg [get_filesets sim_1]
save_wave_config {/home/bryan/Documents/Classes/Reconfigurable/uart_test/uart_test/loop_tb_behav.wcfg}
launch_simulation
open_wave_config /home/bryan/Documents/Classes/Reconfigurable/uart_test/uart_test/loop_tb_behav.wcfg
source loop_tb.tcl
launch_simulation
open_wave_config /home/bryan/Documents/Classes/Reconfigurable/uart_test/uart_test/loop_tb_behav.wcfg
source loop_tb.tcl
restart
run 1 ms
save_wave_config {/home/bryan/Documents/Classes/Reconfigurable/uart_test/uart_test/loop_tb_behav.wcfg}
close_sim
launch_simulation
launch_simulation
launch_simulation
launch_simulation
launch_simulation
launch_simulation
open_wave_config /home/bryan/Documents/Classes/Reconfigurable/uart_test/uart_test/loop_tb_behav.wcfg
source loop_tb.tcl
restart
run 1 ms
restart
run 1 ms
save_wave_config {/home/bryan/Documents/Classes/Reconfigurable/uart_test/uart_test/loop_tb_behav.wcfg}
launch_simulation
launch_simulation
open_wave_config /home/bryan/Documents/Classes/Reconfigurable/uart_test/uart_test/loop_tb_behav.wcfg
source loop_tb.tcl
restart
run 1 ms
launch_simulation
open_wave_config /home/bryan/Documents/Classes/Reconfigurable/uart_test/uart_test/loop_tb_behav.wcfg
source loop_tb.tcl
restart
run 1 ms
launch_simulation
open_wave_config /home/bryan/Documents/Classes/Reconfigurable/uart_test/uart_test/loop_tb_behav.wcfg
source loop_tb.tcl
restart
run 1 ms
launch_simulation
open_wave_config /home/bryan/Documents/Classes/Reconfigurable/uart_test/uart_test/loop_tb_behav.wcfg
source loop_tb.tcl
restart
run 1 ms
save_wave_config {/home/bryan/Documents/Classes/Reconfigurable/uart_test/uart_test/loop_tb_behav.wcfg}
launch_simulation
open_wave_config /home/bryan/Documents/Classes/Reconfigurable/uart_test/uart_test/loop_tb_behav.wcfg
source loop_tb.tcl
restart
run 1 ms
launch_simulation
open_wave_config /home/bryan/Documents/Classes/Reconfigurable/uart_test/uart_test/loop_tb_behav.wcfg
source loop_tb.tcl
restart
run 1 ms
launch_simulation
open_wave_config /home/bryan/Documents/Classes/Reconfigurable/uart_test/uart_test/loop_tb_behav.wcfg
source loop_tb.tcl
restart
run 1 ms
restart
save_wave_config {/home/bryan/Documents/Classes/Reconfigurable/uart_test/uart_test/loop_tb_behav.wcfg}
launch_simulation
open_wave_config /home/bryan/Documents/Classes/Reconfigurable/uart_test/uart_test/loop_tb_behav.wcfg
source loop_tb.tcl
restart
run 1 ms
update_compile_order -fileset sources_1
update_compile_order -fileset sources_1
launch_simulation
open_wave_config /home/bryan/Documents/Classes/Reconfigurable/uart_test/uart_test/loop_tb_behav.wcfg
source loop_tb.tcl
restart
run 1 ms
launch_simulation
launch_simulation
open_wave_config /home/bryan/Documents/Classes/Reconfigurable/uart_test/uart_test/loop_tb_behav.wcfg
source loop_tb.tcl
restart
run 1 ms
restart
run 1 ms
update_compile_order -fileset sources_1
save_wave_config {/home/bryan/Documents/Classes/Reconfigurable/uart_test/uart_test/loop_tb_behav.wcfg}
launch_simulation
open_wave_config /home/bryan/Documents/Classes/Reconfigurable/uart_test/uart_test/loop_tb_behav.wcfg
source loop_tb.tcl
restart
run 1 ms
restart
run 1 ms
update_compile_order -fileset sources_1
save_wave_config {/home/bryan/Documents/Classes/Reconfigurable/uart_test/uart_test/loop_tb_behav.wcfg}
launch_simulation
open_wave_config /home/bryan/Documents/Classes/Reconfigurable/uart_test/uart_test/loop_tb_behav.wcfg
source loop_tb.tcl
restart
run 1 ms
restart
run 1 ms
save_wave_config {/home/bryan/Documents/Classes/Reconfigurable/uart_test/uart_test/loop_tb_behav.wcfg}
launch_simulation
open_wave_config /home/bryan/Documents/Classes/Reconfigurable/uart_test/uart_test/loop_tb_behav.wcfg
source loop_tb.tcl
restart
run 1 ms
restart
launch_simulation
open_wave_config /home/bryan/Documents/Classes/Reconfigurable/uart_test/uart_test/loop_tb_behav.wcfg
source loop_tb.tcl
restart
run 1 ms
launch_simulation
open_wave_config /home/bryan/Documents/Classes/Reconfigurable/uart_test/uart_test/loop_tb_behav.wcfg
source loop_tb.tcl
restart
run 1 ms
restart
launch_simulation
launch_simulation
open_wave_config /home/bryan/Documents/Classes/Reconfigurable/uart_test/uart_test/loop_tb_behav.wcfg
source loop_tb.tcl
restart
run 1 ms
restart
run 1 ms
restart
run 1 ms
save_wave_config {/home/bryan/Documents/Classes/Reconfigurable/uart_test/uart_test/loop_tb_behav.wcfg}
launch_simulation
open_wave_config /home/bryan/Documents/Classes/Reconfigurable/uart_test/uart_test/loop_tb_behav.wcfg
source loop_tb.tcl
restart
run 1 ms
restart
run 1 ms
launch_simulation
open_wave_config /home/bryan/Documents/Classes/Reconfigurable/uart_test/uart_test/loop_tb_behav.wcfg
source loop_tb.tcl
restart
run 1 ms
restart
run 1 ms
restart
launch_simulation
open_wave_config /home/bryan/Documents/Classes/Reconfigurable/uart_test/uart_test/loop_tb_behav.wcfg
source loop_tb.tcl
restart
run 1 ms
launch_simulation
open_wave_config /home/bryan/Documents/Classes/Reconfigurable/uart_test/uart_test/loop_tb_behav.wcfg
source loop_tb.tcl
restart
run 1 ms
restart
launch_simulation
open_wave_config /home/bryan/Documents/Classes/Reconfigurable/uart_test/uart_test/loop_tb_behav.wcfg
source loop_tb.tcl
restart
run 1 ms
launch_simulation
open_wave_config /home/bryan/Documents/Classes/Reconfigurable/uart_test/uart_test/loop_tb_behav.wcfg
source loop_tb.tcl
restart
run 1 ms
launch_simulation
open_wave_config /home/bryan/Documents/Classes/Reconfigurable/uart_test/uart_test/loop_tb_behav.wcfg
source loop_tb.tcl
restart
run 1 ms
launch_simulation
open_wave_config /home/bryan/Documents/Classes/Reconfigurable/uart_test/uart_test/loop_tb_behav.wcfg
source loop_tb.tcl
restart
run 1 ms
update_compile_order -fileset sources_1
update_compile_order -fileset sources_1
launch_simulation
open_wave_config /home/bryan/Documents/Classes/Reconfigurable/uart_test/uart_test/loop_tb_behav.wcfg
source loop_tb.tcl
update_compile_order -fileset sources_1
restart
run 1 ms
launch_simulation
launch_simulation
launch_simulation
open_wave_config /home/bryan/Documents/Classes/Reconfigurable/uart_test/uart_test/loop_tb_behav.wcfg
source loop_tb.tcl
restart
run 1 ms
save_wave_config {/home/bryan/Documents/Classes/Reconfigurable/uart_test/uart_test/loop_tb_behav.wcfg}
launch_simulation
open_wave_config /home/bryan/Documents/Classes/Reconfigurable/uart_test/uart_test/loop_tb_behav.wcfg
source loop_tb.tcl
restart
run 1 ms
launch_simulation
open_wave_config /home/bryan/Documents/Classes/Reconfigurable/uart_test/uart_test/loop_tb_behav.wcfg
source loop_tb.tcl
restart
run 1 ms
launch_simulation
open_wave_config /home/bryan/Documents/Classes/Reconfigurable/uart_test/uart_test/loop_tb_behav.wcfg
source loop_tb.tcl
restart
run 1 ms
restart
launch_simulation
open_wave_config /home/bryan/Documents/Classes/Reconfigurable/uart_test/uart_test/loop_tb_behav.wcfg
source loop_tb.tcl
restart
run 1 ms
launch_simulation
open_wave_config /home/bryan/Documents/Classes/Reconfigurable/uart_test/uart_test/loop_tb_behav.wcfg
source loop_tb.tcl
restart
run 1 ms
launch_simulation
open_wave_config /home/bryan/Documents/Classes/Reconfigurable/uart_test/uart_test/loop_tb_behav.wcfg
source loop_tb.tcl
restart
run 1 ms
launch_simulation
open_wave_config /home/bryan/Documents/Classes/Reconfigurable/uart_test/uart_test/loop_tb_behav.wcfg
source loop_tb.tcl
restart
run 1 ms
launch_simulation
open_wave_config /home/bryan/Documents/Classes/Reconfigurable/uart_test/uart_test/loop_tb_behav.wcfg
source loop_tb.tcl
restart
run 1 ms
launch_simulation
open_wave_config /home/bryan/Documents/Classes/Reconfigurable/uart_test/uart_test/loop_tb_behav.wcfg
source loop_tb.tcl
restart
run 1 ms
launch_runs synth_1
wait_on_run synth_1
open_run synth_1 -name synth_1
